<html>
<body>
<pre>
<h1>µVision Build Log</h1>
<h2>Tool Versions:</h2>
IDE-Version: ¦ÌVision V5.28.0.0
Copyright (C) 2019 ARM Ltd and ARM Germany GmbH. All rights reserved.
License Information: jin tao, 11, LIC=21E4T-RHGQQ-WFMI7-EF9R6-L72GZ-21RWE
 
Tool Versions:
Toolchain:       MDK-ARM Plus  Version: 5.28.0.0
Toolchain Path:  C:\Keil_v5\ARM\ARMCC\Bin
C Compiler:      Armcc.exe V5.06 update 6 (build 750)
Assembler:       Armasm.exe V5.06 update 6 (build 750)
Linker/Locator:  ArmLink.exe V5.06 update 6 (build 750)
Library Manager: ArmAr.exe V5.06 update 6 (build 750)
Hex Converter:   FromElf.exe V5.06 update 6 (build 750)
CPU DLL:         SARMCM3.DLL V5.28.0.0
Dialog DLL:      DCM.DLL V1.17.3.0
Target DLL:      Segger\JL2CM3.dll V2.99.36.0
Dialog DLL:      TCM.DLL V1.36.2.0
 
<h2>Project:</h2>
E:\myRTOS\JT_RTOS\JT_RTOS.uvprojx
Project File Date:  09/18/2022

<h2>Output:</h2>
*** Using Compiler 'V5.06 update 6 (build 750)', folder: 'C:\Keil_v5\ARM\ARMCC\Bin'
Rebuild target 'freeRTOS'
assembling startup_stm32f10x_hd.s...
compiling stm32f10x_gpio.c...
compiling core_cm3.c...
compiling stm32f10x_tim.c...
compiling system_stm32f10x.c...
compiling stm32f10x_dbgmcu.c...
compiling misc.c...
compiling stm32f10x_rcc.c...
compiling stm32f10x_usart.c...
compiling stm32f10x_spi.c...
compiling list.c...
compiling croutine.c...
compiling heap_4.c...
compiling event_groups.c...
compiling timers.c...
compiling queue.c...
compiling tasks.c...
compiling OLEDTask.c...
APP\OLEDTask.c(6): warning:  #1-D: last line of file ends without a newline
  }
APP\OLEDTask.c: 1 warning, 0 errors
compiling port.c...
compiling sys.c...
compiling delay.c...
compiling main.c...
compiling APPTaskDef.c...
compiling DS18B20Task.c...
compiling LEDTask.c...
compiling usart.c...
compiling led.c...
compiling key.c...
compiling oled_spi.c...
compiling DS18B20.c...
compiling oled.c...
compiling timer.c...
linking...
Program Size: Code=8516 RO-data=336 RW-data=112 ZI-data=1968  
FromELF: creating hex file...
".\Obj\freeRTOS_v1.axf" - 0 Error(s), 1 Warning(s).

<h2>Software Packages used:</h2>

Package Vendor: Keil
                http://www.keil.com/pack/Keil.STM32F1xx_DFP.1.0.5.pack
                Keil.STM32F1xx_DFP.1.0.5
                STMicroelectronics STM32F1 Series Device Support, Drivers and Examples

<h2>Collection of Component include folders:</h2>
  .\RTE\_freeRTOS
  C:\Users\Administrator\AppData\Local\Arm\Packs\Keil\STM32F1xx_DFP\1.0.5\Device\Include

<h2>Collection of Component Files used:</h2>
Build Time Elapsed:  00:00:02
</pre>
</body>
</html>
